Archive member included because of file (symbol)

G:/UTILITIES/WINAVR/bin/../lib/gcc/avr/3.4.3/avr5\libgcc.a(_copy_data.o)
                              inputkey.o (__do_copy_data)
G:/UTILITIES/WINAVR/bin/../lib/gcc/avr/3.4.3/avr5\libgcc.a(_clear_bss.o)
                              inputkey.o (__do_clear_bss)

Memory Configuration

Name             Origin             Length             Attributes
text             0x00000000         0x00020000         xr
data             0x00800060         0x0000ffa0         rw !x
eeprom           0x00810000         0x00010000         rw !x
*default*        0x00000000         0xffffffff

Linker script and memory map

LOAD G:/UTILITIES/WINAVR/bin/../lib/gcc/avr/3.4.3/../../../../avr/lib/avr5/crtm16.o
LOAD inputkey.o
LOAD G:/UTILITIES/WINAVR/bin/../lib/gcc/avr/3.4.3/avr5\libgcc.a
LOAD G:/UTILITIES/WINAVR/bin/../lib/gcc/avr/3.4.3/../../../../avr/lib/avr5\libc.a
LOAD G:/UTILITIES/WINAVR/bin/../lib/gcc/avr/3.4.3/avr5\libgcc.a

.hash
 *(.hash)

.dynsym
 *(.dynsym)

.dynstr
 *(.dynstr)

.gnu.version
 *(.gnu.version)

.gnu.version_d
 *(.gnu.version_d)

.gnu.version_r
 *(.gnu.version_r)

.rel.init
 *(.rel.init)

.rela.init
 *(.rela.init)

.rel.text
 *(.rel.text)
 *(.rel.text.*)
 *(.rel.gnu.linkonce.t*)

.rela.text
 *(.rela.text)
 *(.rela.text.*)
 *(.rela.gnu.linkonce.t*)

.rel.fini
 *(.rel.fini)

.rela.fini
 *(.rela.fini)

.rel.rodata
 *(.rel.rodata)
 *(.rel.rodata.*)
 *(.rel.gnu.linkonce.r*)

.rela.rodata
 *(.rela.rodata)
 *(.rela.rodata.*)
 *(.rela.gnu.linkonce.r*)

.rel.data
 *(.rel.data)
 *(.rel.data.*)
 *(.rel.gnu.linkonce.d*)

.rela.data
 *(.rela.data)
 *(.rela.data.*)
 *(.rela.gnu.linkonce.d*)

.rel.ctors
 *(.rel.ctors)

.rela.ctors
 *(.rela.ctors)

.rel.dtors
 *(.rel.dtors)

.rela.dtors
 *(.rela.dtors)

.rel.got
 *(.rel.got)

.rela.got
 *(.rela.got)

.rel.bss
 *(.rel.bss)

.rela.bss
 *(.rela.bss)

.rel.plt
 *(.rel.plt)

.rela.plt
 *(.rela.plt)

.text           0x00000000      0x118
 *(.vectors)
 .vectors       0x00000000       0x54 G:/UTILITIES/WINAVR/bin/../lib/gcc/avr/3.4.3/../../../../avr/lib/avr5/crtm16.o
                0x00000000                __vectors
                0x00000000                __vector_default
                0x00000054                __ctors_start = .
 *(.ctors)
                0x00000054                __ctors_end = .
                0x00000054                __dtors_start = .
 *(.dtors)
                0x00000054                __dtors_end = .
 *(.progmem.gcc*)
 *(.progmem*)
                0x00000054                . = ALIGN (0x2)
 *(.init0)
 *(.init1)
 *(.init2)
 .init2         0x00000054        0xc G:/UTILITIES/WINAVR/bin/../lib/gcc/avr/3.4.3/../../../../avr/lib/avr5/crtm16.o
 *(.init3)
 *(.init4)
 .init4         0x00000060       0x16 G:/UTILITIES/WINAVR/bin/../lib/gcc/avr/3.4.3/avr5\libgcc.a(_copy_data.o)
                0x00000060                __do_copy_data
 .init4         0x00000076       0x10 G:/UTILITIES/WINAVR/bin/../lib/gcc/avr/3.4.3/avr5\libgcc.a(_clear_bss.o)
                0x00000076                __do_clear_bss
 *(.init5)
 *(.init6)
 *(.init7)
 *(.init8)
 *(.init9)
 .init9         0x00000086        0x4 G:/UTILITIES/WINAVR/bin/../lib/gcc/avr/3.4.3/../../../../avr/lib/avr5/crtm16.o
 *(.text)
 .text          0x0000008a        0x4 G:/UTILITIES/WINAVR/bin/../lib/gcc/avr/3.4.3/../../../../avr/lib/avr5/crtm16.o
                0x0000008a                __vector_1
                0x0000008a                __vector_12
                0x0000008a                __bad_interrupt
                0x0000008a                __vector_6
                0x0000008a                __vector_3
                0x0000008a                __vector_11
                0x0000008a                __vector_13
                0x0000008a                __vector_17
                0x0000008a                __vector_19
                0x0000008a                __vector_7
                0x0000008a                __vector_5
                0x0000008a                __vector_4
                0x0000008a                __vector_9
                0x0000008a                __vector_2
                0x0000008a                __vector_15
                0x0000008a                __vector_8
                0x0000008a                __vector_14
                0x0000008a                __vector_10
                0x0000008a                __vector_16
                0x0000008a                __vector_18
                0x0000008a                __vector_20
 .text          0x0000008e       0x8a inputkey.o
                0x0000008e                main
                0x00000118                . = ALIGN (0x2)
 *(.text.*)
                0x00000118                . = ALIGN (0x2)
 *(.fini9)
 *(.fini8)
 *(.fini7)
 *(.fini6)
 *(.fini5)
 *(.fini4)
 *(.fini3)
 *(.fini2)
 *(.fini1)
 *(.fini0)
                0x00000118                _etext = .

.data           0x00800060        0x8 load address 0x00000118
                0x00800060                PROVIDE (__data_start, .)
 *(.data)
 .data          0x00800060        0x7 inputkey.o
                0x00800060                led
 *(.gnu.linkonce.d*)
                0x00800068                . = ALIGN (0x2)
 *fill*         0x00800067        0x1 00
                0x00800068                _edata = .
                0x00800068                PROVIDE (__data_end, .)

.bss            0x00800068        0x0
                0x00800068                PROVIDE (__bss_start, .)
 *(.bss)
 *(COMMON)
                0x00800068                PROVIDE (__bss_end, .)
                0x00000118                __data_load_start = LOADADDR (.data)
                0x00000120                __data_load_end = (__data_load_start + SIZEOF (.data))

.noinit         0x00800068        0x0
                0x00800068                PROVIDE (__noinit_start, .)
 *(.noinit*)
                0x00800068                PROVIDE (__noinit_end, .)
                0x00800068                _end = .
                0x00800068                PROVIDE (__heap_start, .)

.eeprom         0x00810000        0x0
 *(.eeprom*)
                0x00810000                __eeprom_end = .

.stab
 *(.stab)

.stabstr
 *(.stabstr)

.stab.excl
 *(.stab.excl)

.stab.exclstr
 *(.stab.exclstr)

.stab.index
 *(.stab.index)

.stab.indexstr
 *(.stab.indexstr)

.comment
 *(.comment)

.debug
 *(.debug)

.line
 *(.line)

.debug_srcinfo
 *(.debug_srcinfo)

.debug_sfnames
 *(.debug_sfnames)

.debug_aranges  0x00000000       0x14
 *(.debug_aranges)
 .debug_aranges
                0x00000000       0x14 inputkey.o

.debug_pubnames
                0x00000000       0x23
 *(.debug_pubnames)
 .debug_pubnames
                0x00000000       0x23 inputkey.o

.debug_info     0x00000000      0x1c0
 *(.debug_info)
 .debug_info    0x00000000      0x1c0 inputkey.o
 *(.gnu.linkonce.wi.*)

.debug_abbrev   0x00000000       0xec
 *(.debug_abbrev)
 .debug_abbrev  0x00000000       0xec inputkey.o

.debug_line     0x00000000      0x151
 *(.debug_line)
 .debug_line    0x00000000      0x151 inputkey.o

.debug_frame
 *(.debug_frame)

.debug_str      0x00000000       0xc7
 *(.debug_str)
 .debug_str     0x00000000       0xc7 inputkey.o
                                 0xfb (size before relaxing)

.debug_loc
 *(.debug_loc)

.debug_macinfo
 *(.debug_macinfo)
OUTPUT(inputkey.elf elf32-avr)
